../Core/Src/main.c:527:13:MX_DMA_Init	1
../Core/Src/main.c:481:13:MX_USART1_UART_Init	5
../Core/Src/main.c:205:6:SystemClock_Config	3
../Core/Src/main.c:598:6:HAL_UART_TxCpltCallback	1
../Core/Src/main.c:613:6:HAL_UARTEx_RxEventCallback	2
../Core/Src/main.c:642:6:HAL_TIM_PeriodElapsedCallback	2
../Core/Src/main.c:663:7:Reset_USART1	3
../Core/Src/main.c:651:6:Check_USART1_Timeout	2
../Core/Src/main.c:715:7:HAL_GPIO_EXTI_Callback	2
../Core/Src/main.c:724:7:Calibrate_Current_Zero	3
../Core/Src/main.c:746:8:calculate_ntc_temperature	1
../Core/Src/main.c:124:5:main	15
../Core/Src/main.c:769:7:MA_Update	4
../Core/Src/main.c:629:6:HAL_ADC_ConvCpltCallback	2
../Core/Src/main.c:787:7:Process_Current	1
../Core/Src/main.c:802:6:Error_Handler	1
