../Core/Src/main.c:513:13:MX_DMA_Init	1
../Core/Src/main.c:467:13:MX_USART1_UART_Init	5
../Core/Src/main.c:191:6:SystemClock_Config	3
../Core/Src/main.c:580:6:HAL_UART_TxCpltCallback	1
../Core/Src/main.c:595:6:HAL_UARTEx_RxEventCallback	2
../Core/Src/main.c:624:6:HAL_TIM_PeriodElapsedCallback	2
../Core/Src/main.c:645:7:Reset_USART1	3
../Core/Src/main.c:633:6:Check_USART1_Timeout	2
../Core/Src/main.c:699:8:calculate_ntc_temperature	1
../Core/Src/main.c:122:5:main	14
../Core/Src/main.c:722:7:MA_Update	4
../Core/Src/main.c:611:6:HAL_ADC_ConvCpltCallback	2
../Core/Src/main.c:740:7:Process_Current	1
../Core/Src/main.c:755:6:Error_Handler	1
