../Core/Src/main.c:527:13:MX_DMA_Init	16	static
../Core/Src/main.c:481:13:MX_USART1_UART_Init	8	static,ignoring_inline_asm
../Core/Src/main.c:205:6:SystemClock_Config	80	static,ignoring_inline_asm
../Core/Src/main.c:598:6:HAL_UART_TxCpltCallback	8	static
../Core/Src/main.c:613:6:HAL_UARTEx_RxEventCallback	8	static
../Core/Src/main.c:642:6:HAL_TIM_PeriodElapsedCallback	8	static
../Core/Src/main.c:663:7:Reset_USART1	16	static
../Core/Src/main.c:651:6:Check_USART1_Timeout	8	static
../Core/Src/main.c:715:7:HAL_GPIO_EXTI_Callback	8	static
../Core/Src/main.c:724:7:Calibrate_Current_Zero	24	static
../Core/Src/main.c:746:8:calculate_ntc_temperature	16	static
../Core/Src/main.c:124:5:main	64	static,ignoring_inline_asm
../Core/Src/main.c:769:7:MA_Update	16	static
../Core/Src/main.c:629:6:HAL_ADC_ConvCpltCallback	16	static
../Core/Src/main.c:787:7:Process_Current	8	static
../Core/Src/main.c:802:6:Error_Handler	0	static,ignoring_inline_asm
