../Core/Src/stm32g0xx_hal_msp.c:72:6:HAL_MspInit	16	static
../Core/Src/stm32g0xx_hal_msp.c:100:6:HAL_ADC_MspInit	40	static
../Core/Src/stm32g0xx_hal_msp.c:162:6:HAL_ADC_MspDeInit	8	static
../Core/Src/stm32g0xx_hal_msp.c:202:6:HAL_I2C_MspInit	48	static
../Core/Src/stm32g0xx_hal_msp.c:278:6:HAL_I2C_MspDeInit	16	static
../Core/Src/stm32g0xx_hal_msp.c:315:6:HAL_RTC_MspInit	40	static
../Core/Src/stm32g0xx_hal_msp.c:351:6:HAL_RTC_MspDeInit	0	static
../Core/Src/stm32g0xx_hal_msp.c:374:6:HAL_TIM_Base_MspInit	16	static
../Core/Src/stm32g0xx_hal_msp.c:400:6:HAL_TIM_Base_MspDeInit	8	static
../Core/Src/stm32g0xx_hal_msp.c:425:6:HAL_UART_MspInit	72	static
../Core/Src/stm32g0xx_hal_msp.c:511:6:HAL_UART_MspDeInit	8	static
