../Core/Src/stm32g0xx_it.c:77:6:NMI_Handler	0	static
../Core/Src/stm32g0xx_it.c:92:6:HardFault_Handler	0	static
../Core/Src/stm32g0xx_it.c:107:6:SVC_Handler	0	static
../Core/Src/stm32g0xx_it.c:120:6:PendSV_Handler	0	static
../Core/Src/stm32g0xx_it.c:133:6:SysTick_Handler	8	static
../Core/Src/stm32g0xx_it.c:154:6:RCC_IRQHandler	0	static
../Core/Src/stm32g0xx_it.c:167:6:DMA1_Channel1_IRQHandler	8	static
../Core/Src/stm32g0xx_it.c:181:6:DMA1_Channel2_3_IRQHandler	8	static
../Core/Src/stm32g0xx_it.c:196:6:DMA1_Ch4_5_DMAMUX1_OVR_IRQHandler	8	static
../Core/Src/stm32g0xx_it.c:211:6:ADC1_IRQHandler	8	static
../Core/Src/stm32g0xx_it.c:225:6:TIM14_IRQHandler	8	static
../Core/Src/stm32g0xx_it.c:239:6:I2C2_IRQHandler	8	static
../Core/Src/stm32g0xx_it.c:260:6:USART1_IRQHandler	8	static
