Added Component: Designator=A1(MOD-ESP32-WROOM-32E)
Added Component: Designator=C1(CAP-0805)
Added Component: Designator=C2(CAP-0805)
Added Component: Designator=C3(CAP-TAN-D)
Added Component: Designator=C4(CAP-TAN-D)
Added Component: Designator=C5(CAP-0805)
Added Component: Designator=C6(CAP-TAN-D)
Added Component: Designator=C7(CAP-TAN-D)
Added Component: Designator=C8(CAP-0805)
Added Component: Designator=C9(CAP_SMD_Size_E)
Added Component: Designator=C10(CAP-0805)
Added Component: Designator=C11(CAP-TAN-D)
Added Component: Designator=C12(CAP-0805)
Added Component: Designator=C13(CAP-0805)
Added Component: Designator=C14(CAP-0805)
Added Component: Designator=C15(CAP-0805)
Added Component: Designator=C16(CAP-0805)
Added Component: Designator=C17(CAP-0805)
Added Component: Designator=C29(CAP-0805)
Added Component: Designator=C30(CAP-0805)
Added Component: Designator=D1(FP-403AE-MFG)
Added Component: Designator=D2(DO-214-AC)
Added Component: Designator=D3(LED_GREEN)
Add component (AddParameter): Name = "Arrow Part Number"; Value = ""; VariantName = "[No Variations]"
Add component (AddParameter): Name = "Arrow Price/Stock"; Value = ""; VariantName = "[No Variations]"
Add component (AddParameter): Name = "Datasheet Link"; Value = "https://katalog.we-online.de/led/datasheet/151031YS06000.pdf"; VariantName = "[No Variations]"
Add component (AddParameter): Name = "Geometry.Height"; Value = "5.5mm"; VariantName = "[No Variations]"
Add component (AddParameter): Name = "Manufacturer_Name"; Value = "Wurth Elektronik"; VariantName = "[No Variations]"
Add component (AddParameter): Name = "Manufacturer_Part_Number"; Value = "151031YS06000"; VariantName = "[No Variations]"
Add component (AddParameter): Name = "Mouser Part Number"; Value = "710-151031YS06000"; VariantName = "[No Variations]"
Add component (AddParameter): Name = "Mouser Price/Stock"; Value = "https://www.mouser.co.uk/ProductDetail/Wurth-Elektronik/151031YS06000?qs=LlUlMxKIyB3xSYYW%252BcuBiQ%3D%3D"; VariantName = "[No Variations]"
Add component (AddParameter): Name = "Mouser Testing Part Number"; Value = ""; VariantName = "[No Variations]"
Add component (AddParameter): Name = "Mouser Testing Price/Stock"; Value = ""; VariantName = "[No Variations]"
Added Component: Designator=D4(LED_RED)
Add component (AddParameter): Name = "Arrow Part Number"; Value = ""; VariantName = "[No Variations]"
Add component (AddParameter): Name = "Arrow Price/Stock"; Value = ""; VariantName = "[No Variations]"
Add component (AddParameter): Name = "Datasheet Link"; Value = "https://katalog.we-online.de/led/datasheet/151031YS06000.pdf"; VariantName = "[No Variations]"
Add component (AddParameter): Name = "Geometry.Height"; Value = "5.5mm"; VariantName = "[No Variations]"
Add component (AddParameter): Name = "Manufacturer_Name"; Value = "Wurth Elektronik"; VariantName = "[No Variations]"
Add component (AddParameter): Name = "Manufacturer_Part_Number"; Value = "151031YS06000"; VariantName = "[No Variations]"
Add component (AddParameter): Name = "Mouser Part Number"; Value = "710-151031YS06000"; VariantName = "[No Variations]"
Add component (AddParameter): Name = "Mouser Price/Stock"; Value = "https://www.mouser.co.uk/ProductDetail/Wurth-Elektronik/151031YS06000?qs=LlUlMxKIyB3xSYYW%252BcuBiQ%3D%3D"; VariantName = "[No Variations]"
Add component (AddParameter): Name = "Mouser Testing Part Number"; Value = ""; VariantName = "[No Variations]"
Add component (AddParameter): Name = "Mouser Testing Price/Stock"; Value = ""; VariantName = "[No Variations]"
Added Component: Designator=D5(LED_RED)
Add component (AddParameter): Name = "Arrow Part Number"; Value = ""; VariantName = "[No Variations]"
Add component (AddParameter): Name = "Arrow Price/Stock"; Value = ""; VariantName = "[No Variations]"
Add component (AddParameter): Name = "Datasheet Link"; Value = "https://katalog.we-online.de/led/datasheet/151031YS06000.pdf"; VariantName = "[No Variations]"
Add component (AddParameter): Name = "Geometry.Height"; Value = "5.5mm"; VariantName = "[No Variations]"
Add component (AddParameter): Name = "Manufacturer_Name"; Value = "Wurth Elektronik"; VariantName = "[No Variations]"
Add component (AddParameter): Name = "Manufacturer_Part_Number"; Value = "151031YS06000"; VariantName = "[No Variations]"
Add component (AddParameter): Name = "Mouser Part Number"; Value = "710-151031YS06000"; VariantName = "[No Variations]"
Add component (AddParameter): Name = "Mouser Price/Stock"; Value = "https://www.mouser.co.uk/ProductDetail/Wurth-Elektronik/151031YS06000?qs=LlUlMxKIyB3xSYYW%252BcuBiQ%3D%3D"; VariantName = "[No Variations]"
Add component (AddParameter): Name = "Mouser Testing Part Number"; Value = ""; VariantName = "[No Variations]"
Add component (AddParameter): Name = "Mouser Testing Price/Stock"; Value = ""; VariantName = "[No Variations]"
Added Component: Designator=D7(LED_GREEN)
Add component (AddParameter): Name = "Arrow Part Number"; Value = ""; VariantName = "[No Variations]"
Add component (AddParameter): Name = "Arrow Price/Stock"; Value = ""; VariantName = "[No Variations]"
Add component (AddParameter): Name = "Datasheet Link"; Value = "https://katalog.we-online.de/led/datasheet/151031YS06000.pdf"; VariantName = "[No Variations]"
Add component (AddParameter): Name = "Geometry.Height"; Value = "5.5mm"; VariantName = "[No Variations]"
Add component (AddParameter): Name = "Manufacturer_Name"; Value = "Wurth Elektronik"; VariantName = "[No Variations]"
Add component (AddParameter): Name = "Manufacturer_Part_Number"; Value = "151031YS06000"; VariantName = "[No Variations]"
Add component (AddParameter): Name = "Mouser Part Number"; Value = "710-151031YS06000"; VariantName = "[No Variations]"
Add component (AddParameter): Name = "Mouser Price/Stock"; Value = "https://www.mouser.co.uk/ProductDetail/Wurth-Elektronik/151031YS06000?qs=LlUlMxKIyB3xSYYW%252BcuBiQ%3D%3D"; VariantName = "[No Variations]"
Add component (AddParameter): Name = "Mouser Testing Part Number"; Value = ""; VariantName = "[No Variations]"
Add component (AddParameter): Name = "Mouser Testing Price/Stock"; Value = ""; VariantName = "[No Variations]"
Added Component: Designator=D8(LED_RED)
Add component (AddParameter): Name = "Arrow Part Number"; Value = ""; VariantName = "[No Variations]"
Add component (AddParameter): Name = "Arrow Price/Stock"; Value = ""; VariantName = "[No Variations]"
Add component (AddParameter): Name = "Datasheet Link"; Value = "https://katalog.we-online.de/led/datasheet/151031YS06000.pdf"; VariantName = "[No Variations]"
Add component (AddParameter): Name = "Geometry.Height"; Value = "5.5mm"; VariantName = "[No Variations]"
Add component (AddParameter): Name = "Manufacturer_Name"; Value = "Wurth Elektronik"; VariantName = "[No Variations]"
Add component (AddParameter): Name = "Manufacturer_Part_Number"; Value = "151031YS06000"; VariantName = "[No Variations]"
Add component (AddParameter): Name = "Mouser Part Number"; Value = "710-151031YS06000"; VariantName = "[No Variations]"
Add component (AddParameter): Name = "Mouser Price/Stock"; Value = "https://www.mouser.co.uk/ProductDetail/Wurth-Elektronik/151031YS06000?qs=LlUlMxKIyB3xSYYW%252BcuBiQ%3D%3D"; VariantName = "[No Variations]"
Add component (AddParameter): Name = "Mouser Testing Part Number"; Value = ""; VariantName = "[No Variations]"
Add component (AddParameter): Name = "Mouser Testing Price/Stock"; Value = ""; VariantName = "[No Variations]"
Added Component: Designator=J1(RJ-45)
Added Component: Designator=J3(61300611821)
Add component (AddParameter): Name = "Category"; Value = "Board-to-Board Connectors"; VariantName = "[No Variations]"
Add component (AddParameter): Name = "ComponentLink1Description"; Value = "Website Link"; VariantName = "[No Variations]"
Add component (AddParameter): Name = "ComponentLink1URL"; Value = "https://www.we-online.com/redexpert/article/61300611821?ad"; VariantName = "[No Variations]"
Add component (AddParameter): Name = "ComponentLink2Description"; Value = "Datasheet Link"; VariantName = "[No Variations]"
Add component (AddParameter): Name = "ComponentLink2URL"; Value = "https://www.we-online.com/redexpert/spec/61300611821?ad"; VariantName = "[No Variations]"
Add component (AddParameter): Name = "Contact Resistance"; Value = "20m?"; VariantName = "[No Variations]"
Add component (AddParameter): Name = "Gender"; Value = "Socket Header"; VariantName = "[No Variations]"
Add component (AddParameter): Name = "Manufacturer"; Value = "Wurth Elektronik"; VariantName = "[No Variations]"
Add component (AddParameter): Name = "Manufacturer Part Number"; Value = "61300611821"; VariantName = "[No Variations]"
Add component (AddParameter): Name = "Match Code"; Value = "WR-PHD"; VariantName = "[No Variations]"
Add component (AddParameter): Name = "Mount"; Value = "Through Hole"; VariantName = "[No Variations]"
Add component (AddParameter): Name = "Number of Pins"; Value = "6"; VariantName = "[No Variations]"
Add component (AddParameter): Name = "Number of Rows"; Value = "1"; VariantName = "[No Variations]"
Add component (AddParameter): Name = "Operating Temperature Max"; Value = "125°C"; VariantName = "[No Variations]"
Add component (AddParameter): Name = "Operating Temperature Min"; Value = "-40°C"; VariantName = "[No Variations]"
Add component (AddParameter): Name = "Orientation"; Value = "Vertical"; VariantName = "[No Variations]"
Add component (AddParameter): Name = "Packaging"; Value = "Tray"; VariantName = "[No Variations]"
Add component (AddParameter): Name = "Pitch"; Value = "2.54mm"; VariantName = "[No Variations]"
Add component (AddParameter): Name = "Rated Current"; Value = "3A"; VariantName = "[No Variations]"
Add component (AddParameter): Name = "Withstanding Voltage"; Value = "500V"; VariantName = "[No Variations]"
Add component (AddParameter): Name = "Working Voltage"; Value = "250V"; VariantName = "[No Variations]"
Added Component: Designator=JE1(JE)
Added Component: Designator=L1(WE-PD2_5848)
Add component (AddParameter): Name = "Case/Size Code"; Value = "5848"; VariantName = "[No Variations]"
Add component (AddParameter): Name = "Category"; Value = "Unshielded Power Inductors"; VariantName = "[No Variations]"
Add component (AddParameter): Name = "ComponentLink1Description"; Value = "Website Link"; VariantName = "[No Variations]"
Add component (AddParameter): Name = "ComponentLink1URL"; Value = "https://www.we-online.com/redexpert/article/744774033?ad"; VariantName = "[No Variations]"
Add component (AddParameter): Name = "ComponentLink2Description"; Value = "Datasheet Link"; VariantName = "[No Variations]"
Add component (AddParameter): Name = "ComponentLink2URL"; Value = "https://www.we-online.com/redexpert/spec/744774033?ad"; VariantName = "[No Variations]"
Add component (AddParameter): Name = "DC Resistance"; Value = "0.042?"; VariantName = "[No Variations]"
Add component (AddParameter): Name = "DC Resistance Max"; Value = "0.06?"; VariantName = "[No Variations]"
Add component (AddParameter): Name = "Height"; Value = "4.5mm"; VariantName = "[No Variations]"
Add component (AddParameter): Name = "Inductance"; Value = "3.3µH"; VariantName = "[No Variations]"
Add component (AddParameter): Name = "Length"; Value = "5.8mm"; VariantName = "[No Variations]"
Add component (AddParameter): Name = "Manufacturer"; Value = "Wurth Elektronik"; VariantName = "[No Variations]"
Add component (AddParameter): Name = "Manufacturer Part Number"; Value = "744774033"; VariantName = "[No Variations]"
Add component (AddParameter): Name = "Match Code"; Value = "WE-PD2"; VariantName = "[No Variations]"
Add component (AddParameter): Name = "Mount"; Value = "Surface Mount"; VariantName = "[No Variations]"
Add component (AddParameter): Name = "Operating Temperature Max"; Value = "125°C"; VariantName = "[No Variations]"
Add component (AddParameter): Name = "Operating Temperature Min"; Value = "-40°C"; VariantName = "[No Variations]"
Add component (AddParameter): Name = "Packaging"; Value = "Tape and Reel"; VariantName = "[No Variations]"
Add component (AddParameter): Name = "Rated Current"; Value = "4A"; VariantName = "[No Variations]"
Add component (AddParameter): Name = "Saturation Current"; Value = "7.5A"; VariantName = "[No Variations]"
Add component (AddParameter): Name = "Self Resonant Frequency"; Value = "43MHz"; VariantName = "[No Variations]"
Add component (AddParameter): Name = "Width"; Value = "5.2mm"; VariantName = "[No Variations]"
Added Component: Designator=L2(Coil_4.5x4.5_mm)
Added Component: Designator=L3(Coil_4.5x4.5_mm)
Added Component: Designator=L4(Coil_4.5x4.5_mm)
Added Component: Designator=L5(Coil_4.5x4.5_mm)
Added Component: Designator=P1(691305540002)
Add component (AddParameter): Name = "Application"; Value = "Pluggable"; VariantName = "[No Variations]"
Add component (AddParameter): Name = "Category"; Value = "Terminal Blocks"; VariantName = "[No Variations]"
Add component (AddParameter): Name = "ComponentLink1Description"; Value = "Website Link"; VariantName = "[No Variations]"
Add component (AddParameter): Name = "ComponentLink1URL"; Value = "https://www.we-online.com/redexpert/article/691305540002?ad"; VariantName = "[No Variations]"
Add component (AddParameter): Name = "ComponentLink2Description"; Value = "Datasheet Link"; VariantName = "[No Variations]"
Add component (AddParameter): Name = "ComponentLink2URL"; Value = "https://www.we-online.com/redexpert/spec/691305540002?ad"; VariantName = "[No Variations]"
Add component (AddParameter): Name = "Manufacturer"; Value = "Wurth Elektronik"; VariantName = "[No Variations]"
Add component (AddParameter): Name = "Manufacturer Part Number"; Value = "691305540002"; VariantName = "[No Variations]"
Add component (AddParameter): Name = "Match Code"; Value = "WR-TBL"; VariantName = "[No Variations]"
Add component (AddParameter): Name = "Modularity"; Value = "No"; VariantName = "[No Variations]"
Add component (AddParameter): Name = "Mount"; Value = "Through Hole"; VariantName = "[No Variations]"
Add component (AddParameter): Name = "Number of Pins"; Value = "2"; VariantName = "[No Variations]"
Add component (AddParameter): Name = "Number of Rows"; Value = "1"; VariantName = "[No Variations]"
Add component (AddParameter): Name = "Operating Temperature Max"; Value = "105°C"; VariantName = "[No Variations]"
Add component (AddParameter): Name = "Operating Temperature Min"; Value = "-40°C"; VariantName = "[No Variations]"
Add component (AddParameter): Name = "Orientation"; Value = "Horizontal"; VariantName = "[No Variations]"
Add component (AddParameter): Name = "Packaging"; Value = "Box"; VariantName = "[No Variations]"
Add component (AddParameter): Name = "Pitch"; Value = "5.08mm"; VariantName = "[No Variations]"
Add component (AddParameter): Name = "Rated Current"; Value = "16A"; VariantName = "[No Variations]"
Add component (AddParameter): Name = "Working Voltage"; Value = "300V"; VariantName = "[No Variations]"
Added Component: Designator=P3(61300611121)
Add component (AddParameter): Name = "Category"; Value = "Board-to-Board Connectors"; VariantName = "[No Variations]"
Add component (AddParameter): Name = "ComponentLink1Description"; Value = "Website Link"; VariantName = "[No Variations]"
Add component (AddParameter): Name = "ComponentLink1URL"; Value = "https://www.we-online.com/redexpert/article/61300611121?ad"; VariantName = "[No Variations]"
Add component (AddParameter): Name = "ComponentLink2Description"; Value = "Datasheet Link"; VariantName = "[No Variations]"
Add component (AddParameter): Name = "ComponentLink2URL"; Value = "https://www.we-online.com/redexpert/spec/61300611121?ad"; VariantName = "[No Variations]"
Add component (AddParameter): Name = "Contact Resistance"; Value = "20m?"; VariantName = "[No Variations]"
Add component (AddParameter): Name = "Gender"; Value = "Pin Header"; VariantName = "[No Variations]"
Add component (AddParameter): Name = "Manufacturer"; Value = "Wurth Elektronik"; VariantName = "[No Variations]"
Add component (AddParameter): Name = "Manufacturer Part Number"; Value = "61300611121"; VariantName = "[No Variations]"
Add component (AddParameter): Name = "Match Code"; Value = "WR-PHD"; VariantName = "[No Variations]"
Add component (AddParameter): Name = "Mount"; Value = "Through Hole"; VariantName = "[No Variations]"
Add component (AddParameter): Name = "Number of Pins"; Value = "6"; VariantName = "[No Variations]"
Add component (AddParameter): Name = "Number of Rows"; Value = "1"; VariantName = "[No Variations]"
Add component (AddParameter): Name = "Operating Temperature Max"; Value = "105°C"; VariantName = "[No Variations]"
Add component (AddParameter): Name = "Operating Temperature Min"; Value = "-40°C"; VariantName = "[No Variations]"
Add component (AddParameter): Name = "Orientation"; Value = "Vertical"; VariantName = "[No Variations]"
Add component (AddParameter): Name = "Packaging"; Value = "Bag"; VariantName = "[No Variations]"
Add component (AddParameter): Name = "Pitch"; Value = "2.54mm"; VariantName = "[No Variations]"
Add component (AddParameter): Name = "Rated Current"; Value = "3A"; VariantName = "[No Variations]"
Add component (AddParameter): Name = "Withstanding Voltage"; Value = "500V"; VariantName = "[No Variations]"
Add component (AddParameter): Name = "Working Voltage"; Value = "250V"; VariantName = "[No Variations]"
Added Component: Designator=P4(61300611121)
Add component (AddParameter): Name = "Category"; Value = "Board-to-Board Connectors"; VariantName = "[No Variations]"
Add component (AddParameter): Name = "ComponentLink1Description"; Value = "Website Link"; VariantName = "[No Variations]"
Add component (AddParameter): Name = "ComponentLink1URL"; Value = "https://www.we-online.com/redexpert/article/61300611121?ad"; VariantName = "[No Variations]"
Add component (AddParameter): Name = "ComponentLink2Description"; Value = "Datasheet Link"; VariantName = "[No Variations]"
Add component (AddParameter): Name = "ComponentLink2URL"; Value = "https://www.we-online.com/redexpert/spec/61300611121?ad"; VariantName = "[No Variations]"
Add component (AddParameter): Name = "Contact Resistance"; Value = "20m?"; VariantName = "[No Variations]"
Add component (AddParameter): Name = "Gender"; Value = "Pin Header"; VariantName = "[No Variations]"
Add component (AddParameter): Name = "Manufacturer"; Value = "Wurth Elektronik"; VariantName = "[No Variations]"
Add component (AddParameter): Name = "Manufacturer Part Number"; Value = "61300611121"; VariantName = "[No Variations]"
Add component (AddParameter): Name = "Match Code"; Value = "WR-PHD"; VariantName = "[No Variations]"
Add component (AddParameter): Name = "Mount"; Value = "Through Hole"; VariantName = "[No Variations]"
Add component (AddParameter): Name = "Number of Pins"; Value = "6"; VariantName = "[No Variations]"
Add component (AddParameter): Name = "Number of Rows"; Value = "1"; VariantName = "[No Variations]"
Add component (AddParameter): Name = "Operating Temperature Max"; Value = "105°C"; VariantName = "[No Variations]"
Add component (AddParameter): Name = "Operating Temperature Min"; Value = "-40°C"; VariantName = "[No Variations]"
Add component (AddParameter): Name = "Orientation"; Value = "Vertical"; VariantName = "[No Variations]"
Add component (AddParameter): Name = "Packaging"; Value = "Bag"; VariantName = "[No Variations]"
Add component (AddParameter): Name = "Pitch"; Value = "2.54mm"; VariantName = "[No Variations]"
Add component (AddParameter): Name = "Rated Current"; Value = "3A"; VariantName = "[No Variations]"
Add component (AddParameter): Name = "Withstanding Voltage"; Value = "500V"; VariantName = "[No Variations]"
Add component (AddParameter): Name = "Working Voltage"; Value = "250V"; VariantName = "[No Variations]"
Added Component: Designator=R1(RES-1206)
Added Component: Designator=R2(RES-0805)
Added Component: Designator=R3(RES-0805)
Added Component: Designator=R4(RES-0805)
Added Component: Designator=R5(RES-0805)
Added Component: Designator=R6(RES-0805)
Added Component: Designator=R7(RES-0805)
Added Component: Designator=R8(RES-0805)
Added Component: Designator=R9(RES-0805)
Added Component: Designator=R10(RES-0805)
Added Component: Designator=R11(RES-0805)
Added Component: Designator=R12(RES-0805)
Added Component: Designator=R13(RES-0805)
Added Component: Designator=R16(RES-0805)
Added Component: Designator=R17(RES-0805)
Added Component: Designator=R18(RES-0805)
Added Component: Designator=R19(RES-0805)
Added Component: Designator=R20(RES-0805)
Added Component: Designator=R21(RES-0805)
Added Component: Designator=R28(RES-0805)
Added Component: Designator=R32(RES-0805)
Added Component: Designator=R33(RES-0805)
Added Component: Designator=R35(RES-0805)
Added Component: Designator=R37(RES-0805)
Added Component: Designator=SW1(430152050826)
Add component (AddParameter): Name = "Category"; Value = "Tact Switch"; VariantName = "[No Variations]"
Add component (AddParameter): Name = "Circuit"; Value = "SPST-NO"; VariantName = "[No Variations]"
Add component (AddParameter): Name = "ComponentLink1Description"; Value = "Website Link"; VariantName = "[No Variations]"
Add component (AddParameter): Name = "ComponentLink1URL"; Value = "https://www.we-online.com/redexpert/article/430152050826?ad"; VariantName = "[No Variations]"
Add component (AddParameter): Name = "ComponentLink2Description"; Value = "Datasheet Link"; VariantName = "[No Variations]"
Add component (AddParameter): Name = "ComponentLink2URL"; Value = "https://www.we-online.com/redexpert/spec/430152050826?ad"; VariantName = "[No Variations]"
Add component (AddParameter): Name = "Contact Material"; Value = "Stainless Steel"; VariantName = "[No Variations]"
Add component (AddParameter): Name = "Contact Plating"; Value = "Silver"; VariantName = "[No Variations]"
Add component (AddParameter): Name = "Height"; Value = "5mm"; VariantName = "[No Variations]"
Add component (AddParameter): Name = "Length"; Value = "6mm"; VariantName = "[No Variations]"
Add component (AddParameter): Name = "Manufacturer"; Value = "Wurth Elektronik"; VariantName = "[No Variations]"
Add component (AddParameter): Name = "Manufacturer Part Number"; Value = "430152050826"; VariantName = "[No Variations]"
Add component (AddParameter): Name = "Match Code"; Value = "WS-TASV"; VariantName = "[No Variations]"
Add component (AddParameter): Name = "Max Operating Temperature"; Value = "85°C"; VariantName = "[No Variations]"
Add component (AddParameter): Name = "Min Operating Temperature"; Value = "-40°C"; VariantName = "[No Variations]"
Add component (AddParameter): Name = "Mount"; Value = "Surface Mount"; VariantName = "[No Variations]"
Add component (AddParameter): Name = "Operation Force"; Value = "260gf"; VariantName = "[No Variations]"
Add component (AddParameter): Name = "Packaging"; Value = "Tape and Reel"; VariantName = "[No Variations]"
Add component (AddParameter): Name = "Rated Current"; Value = "50mA"; VariantName = "[No Variations]"
Add component (AddParameter): Name = "Rated Voltage (DC)"; Value = "12V"; VariantName = "[No Variations]"
Add component (AddParameter): Name = "Terminal Material"; Value = "Copper Alloy"; VariantName = "[No Variations]"
Add component (AddParameter): Name = "Terminal Plating"; Value = "Silver"; VariantName = "[No Variations]"
Add component (AddParameter): Name = "Washable"; Value = "No"; VariantName = "[No Variations]"
Add component (AddParameter): Name = "Width"; Value = "6mm"; VariantName = "[No Variations]"
Added Component: Designator=TP1(Test_Point)
Added Component: Designator=TP2(Test_Point)
Added Component: Designator=TP3(Pin_Test_Point(Orange))
Added Component: Designator=TP4(Test_Point)
Added Component: Designator=TP5(Pin_Test_Point(Pink))
Added Component: Designator=U1(SOIC-8_M)
Added Component: Designator=U2(SOT-89)
Added Component: Designator=U3(SOT-223)
Added Component: Designator=U4(24QFN-4x4B-IPC_A)
Added Component: Designator=Z1(50.00Mhz active quartz)
Added Pin To Net: NetName=GND Pin=A1-1
Added Pin To Net: NetName=+3V3_MCU Pin=A1-2
Added Pin To Net: NetName=NetA1_3 Pin=A1-3
Added Pin To Net: NetName=NetA1_7 Pin=A1-7
Added Pin To Net: NetName=NetA1_8 Pin=A1-8
Added Pin To Net: NetName=NetA1_9 Pin=A1-9
Added Pin To Net: NetName=NetA1_10 Pin=A1-10
Added Pin To Net: NetName=NetA1_11 Pin=A1-11
Added Pin To Net: NetName=NetA1_12 Pin=A1-12
Added Pin To Net: NetName=NetA1_13 Pin=A1-13
Added Pin To Net: NetName=NetA1_14 Pin=A1-14
Added Pin To Net: NetName=GND Pin=A1-15
Added Pin To Net: NetName=NetA1_16 Pin=A1-16
Added Pin To Net: NetName=NetA1_23 Pin=A1-23
Added Pin To Net: NetName=NetA1_24 Pin=A1-24
Added Pin To Net: NetName=NetA1_25 Pin=A1-25
Added Pin To Net: NetName=NetA1_27 Pin=A1-27
Added Pin To Net: NetName=NetA1_28 Pin=A1-28
Added Pin To Net: NetName=NetA1_30 Pin=A1-30
Added Pin To Net: NetName=NetA1_31 Pin=A1-31
Added Pin To Net: NetName=NetA1_33 Pin=A1-33
Added Pin To Net: NetName=NetA1_34 Pin=A1-34
Added Pin To Net: NetName=NetA1_35 Pin=A1-35
Added Pin To Net: NetName=NetA1_36 Pin=A1-36
Added Pin To Net: NetName=NetA1_37 Pin=A1-37
Added Pin To Net: NetName=GND Pin=A1-38
Added Pin To Net: NetName=GND Pin=A1-39
Added Pin To Net: NetName=GND Pin=A1-39
Added Pin To Net: NetName=GND Pin=A1-39
Added Pin To Net: NetName=GND Pin=A1-39
Added Pin To Net: NetName=GND Pin=A1-39
Added Pin To Net: NetName=GND Pin=A1-39
Added Pin To Net: NetName=GND Pin=A1-39
Added Pin To Net: NetName=GND Pin=A1-39
Added Pin To Net: NetName=GND Pin=A1-39
Added Pin To Net: NetName=GND Pin=A1-39
Added Pin To Net: NetName=GND Pin=A1-39
Added Pin To Net: NetName=GND Pin=A1-39
Added Pin To Net: NetName=GND Pin=A1-39
Added Pin To Net: NetName=GND Pin=A1-39
Added Pin To Net: NetName=GND Pin=A1-39
Added Pin To Net: NetName=GND Pin=A1-39
Added Pin To Net: NetName=GND Pin=A1-39
Added Pin To Net: NetName=GND Pin=A1-39
Added Pin To Net: NetName=GND Pin=A1-39
Added Pin To Net: NetName=GND Pin=A1-39
Added Pin To Net: NetName=GND Pin=A1-39
Added Pin To Net: NetName=GND Pin=C1-1
Added Pin To Net: NetName=NetC1_2 Pin=C1-2
Added Pin To Net: NetName=GND Pin=C2-1
Added Pin To Net: NetName=NetC1_2 Pin=C2-2
Added Pin To Net: NetName=NetC3_1 Pin=C3-1
Added Pin To Net: NetName=GND Pin=C3-2
Added Pin To Net: NetName=NetC4_1 Pin=C4-1
Added Pin To Net: NetName=GND Pin=C4-2
Added Pin To Net: NetName=NetC5_1 Pin=C5-1
Added Pin To Net: NetName=GND Pin=C5-2
Added Pin To Net: NetName=NetC6_1 Pin=C6-1
Added Pin To Net: NetName=GND Pin=C6-2
Added Pin To Net: NetName=+5V Pin=C7-1
Added Pin To Net: NetName=GND Pin=C7-2
Added Pin To Net: NetName=GND Pin=C8-1
Added Pin To Net: NetName=NetC4_1 Pin=C8-2
Added Pin To Net: NetName=GND Pin=C9-2
Added Pin To Net: NetName=VCC Pin=C10-1
Added Pin To Net: NetName=GND Pin=C10-2
Added Pin To Net: NetName=+3V3_MCU Pin=C11-1
Added Pin To Net: NetName=GND Pin=C11-2
Added Pin To Net: NetName=GND Pin=C12-1
Added Pin To Net: NetName=+3V3_MCU Pin=C12-2
Added Pin To Net: NetName=GND Pin=C13-1
Added Pin To Net: NetName=NetC13_2 Pin=C13-2
Added Pin To Net: NetName=GND Pin=C14-1
Added Pin To Net: NetName=NetC13_2 Pin=C14-2
Added Pin To Net: NetName=GND Pin=C15-1
Added Pin To Net: NetName=NetC4_1 Pin=C15-2
Added Pin To Net: NetName=GND Pin=C16-1
Added Pin To Net: NetName=3v3 Pin=C16-2
Added Pin To Net: NetName=GND Pin=C17-1
Added Pin To Net: NetName=NetC17_2 Pin=C17-2
Added Pin To Net: NetName=GND Pin=C29-1
Added Pin To Net: NetName=NetC29_2 Pin=C29-2
Added Pin To Net: NetName=GND Pin=C30-1
Added Pin To Net: NetName=NetA1_3 Pin=C30-2
Added Pin To Net: NetName=NetD1_1 Pin=D1-1
Added Pin To Net: NetName=GND Pin=D1-2
Added Pin To Net: NetName=NetD2_1 Pin=D2-1
Added Pin To Net: NetName=VCC Pin=D2-2
Added Pin To Net: NetName=NetD3_1 Pin=D3-1
Added Pin To Net: NetName=GND Pin=D3-2
Added Pin To Net: NetName=NetD4_1 Pin=D4-1
Added Pin To Net: NetName=GND Pin=D4-2
Added Pin To Net: NetName=NetD5_1 Pin=D5-1
Added Pin To Net: NetName=GND Pin=D5-2
Added Pin To Net: NetName=NetD7_1 Pin=D7-1
Added Pin To Net: NetName=GND Pin=D7-2
Added Pin To Net: NetName=NetD8_1 Pin=D8-1
Added Pin To Net: NetName=GND Pin=D8-2
Added Pin To Net: NetName=NetJ1_1 Pin=J1-1
Added Pin To Net: NetName=NetJ1_2 Pin=J1-2
Added Pin To Net: NetName=NetJ1_3 Pin=J1-3
Added Pin To Net: NetName=NetC1_2 Pin=J1-4
Added Pin To Net: NetName=NetC1_2 Pin=J1-5
Added Pin To Net: NetName=NetJ1_6 Pin=J1-6
Added Pin To Net: NetName=NetC17_2 Pin=J1-7
Added Pin To Net: NetName=NetC17_2 Pin=J1-8
Added Pin To Net: NetName=NetC1_2 Pin=J1-9
Added Pin To Net: NetName=NetJ1_10 Pin=J1-10
Added Pin To Net: NetName=NetC1_2 Pin=J1-11
Added Pin To Net: NetName=NetJ1_12 Pin=J1-12
Added Pin To Net: NetName=GND Pin=J1-13
Added Pin To Net: NetName=GND Pin=J1-14
Added Pin To Net: NetName=+3V3_MCU Pin=J3-1
Added Pin To Net: NetName=GND Pin=J3-2
Added Pin To Net: NetName=NetA1_34 Pin=J3-3
Added Pin To Net: NetName=NetA1_35 Pin=J3-4
Added Pin To Net: NetName=NetA1_3 Pin=J3-5
Added Pin To Net: NetName=NetJ3_6 Pin=J3-6
Added Pin To Net: NetName=NetC6_1 Pin=JE1-1
Added Pin To Net: NetName=NetC3_1 Pin=JE1-2
Added Pin To Net: NetName=NetD1_1 Pin=L1-1
Added Pin To Net: NetName=NetC3_1 Pin=L1-2
Added Pin To Net: NetName=NetC6_1 Pin=L2-1
Added Pin To Net: NetName=NetC4_1 Pin=L2-2
Added Pin To Net: NetName=3v3 Pin=L3-1
Added Pin To Net: NetName=NetC1_2 Pin=L3-2
Added Pin To Net: NetName=3v3 Pin=L4-1
Added Pin To Net: NetName=+3V3_MCU Pin=L4-2
Added Pin To Net: NetName=NetA1_25 Pin=L5-1
Added Pin To Net: NetName=NetJ3_6 Pin=L5-2
Added Pin To Net: NetName=GND Pin=P1-1
Added Pin To Net: NetName=NetD2_1 Pin=P1-2
Added Pin To Net: NetName=VCC Pin=P3-1
Added Pin To Net: NetName=VCC Pin=P3-2
Added Pin To Net: NetName=+5V Pin=P3-3
Added Pin To Net: NetName=+3V3_MCU Pin=P3-4
Added Pin To Net: NetName=GND Pin=P3-5
Added Pin To Net: NetName=GND Pin=P3-6
Added Pin To Net: NetName=+3V3_MCU Pin=P4-1
Added Pin To Net: NetName=NetA1_24 Pin=P4-2
Added Pin To Net: NetName=NetA1_28 Pin=P4-3
Added Pin To Net: NetName=NetA1_7 Pin=P4-4
Added Pin To Net: NetName=NetA1_9 Pin=P4-5
Added Pin To Net: NetName=GND Pin=P4-6
Added Pin To Net: NetName=VCC Pin=R1-1
Added Pin To Net: NetName=NetR1_2 Pin=R1-2
Added Pin To Net: NetName=NetJ1_1 Pin=R2-1
Added Pin To Net: NetName=NetC1_2 Pin=R2-2
Added Pin To Net: NetName=NetJ1_3 Pin=R3-1
Added Pin To Net: NetName=NetC1_2 Pin=R3-2
Added Pin To Net: NetName=NetJ1_2 Pin=R4-1
Added Pin To Net: NetName=NetC1_2 Pin=R4-2
Added Pin To Net: NetName=NetJ1_6 Pin=R5-1
Added Pin To Net: NetName=NetC1_2 Pin=R5-2
Added Pin To Net: NetName=NetC3_1 Pin=R6-1
Added Pin To Net: NetName=NetR6_2 Pin=R6-2
Added Pin To Net: NetName=GND Pin=R7-1
Added Pin To Net: NetName=NetR6_2 Pin=R7-2
Added Pin To Net: NetName=NetR8_1 Pin=R8-1
Added Pin To Net: NetName=NetJ1_10 Pin=R8-2
Added Pin To Net: NetName=NetR9_1 Pin=R9-1
Added Pin To Net: NetName=NetJ1_12 Pin=R9-2
Added Pin To Net: NetName=NetR10_1 Pin=R10-1
Added Pin To Net: NetName=NetR10_2 Pin=R10-2
Added Pin To Net: NetName=NetR11_1 Pin=R11-1
Added Pin To Net: NetName=GND Pin=R11-2
Added Pin To Net: NetName=NetA1_30 Pin=R12-1
Added Pin To Net: NetName=3v3 Pin=R12-2
Added Pin To Net: NetName=NetA1_16 Pin=R13-1
Added Pin To Net: NetName=3v3 Pin=R13-2
Added Pin To Net: NetName=NetA1_8 Pin=R16-1
Added Pin To Net: NetName=+3V3_MCU Pin=R16-2
Added Pin To Net: NetName=NetD3_1 Pin=R17-1
Added Pin To Net: NetName=NetA1_14 Pin=R17-2
Added Pin To Net: NetName=NetD4_1 Pin=R18-1
Added Pin To Net: NetName=NetA1_13 Pin=R18-2
Added Pin To Net: NetName=NetD5_1 Pin=R19-1
Added Pin To Net: NetName=NetA1_23 Pin=R19-2
Added Pin To Net: NetName=NetC29_2 Pin=R20-1
Added Pin To Net: NetName=3v3 Pin=R20-2
Added Pin To Net: NetName=NetA1_3 Pin=R21-1
Added Pin To Net: NetName=+3V3_MCU Pin=R21-2
Added Pin To Net: NetName=NetA1_25 Pin=R28-1
Added Pin To Net: NetName=3v3 Pin=R28-2
Added Pin To Net: NetName=NetD8_1 Pin=R32-1
Added Pin To Net: NetName=NetA1_24 Pin=R32-2
Added Pin To Net: NetName=NetD7_1 Pin=R33-1
Added Pin To Net: NetName=NetA1_9 Pin=R33-2
Added Pin To Net: NetName=NetA1_25 Pin=R35-1
Added Pin To Net: NetName=NetR10_1 Pin=R35-2
Added Pin To Net: NetName=GND Pin=R37-1
Added Pin To Net: NetName=NetA1_27 Pin=R37-2
Added Pin To Net: NetName=NetA1_8 Pin=SW1-A1
Added Pin To Net: NetName=NetA1_8 Pin=SW1-A2
Added Pin To Net: NetName=GND Pin=SW1-B1
Added Pin To Net: NetName=GND Pin=SW1-B2
Added Pin To Net: NetName=NetD1_1 Pin=TP1-1
Added Pin To Net: NetName=NetC4_1 Pin=TP2-1
Added Pin To Net: NetName=GND Pin=TP3-1
Added Pin To Net: NetName=3v3 Pin=TP4-1
Added Pin To Net: NetName=GND Pin=TP5-1
Added Pin To Net: NetName=NetR1_2 Pin=U1-1
Added Pin To Net: NetName=NetD1_1 Pin=U1-2
Added Pin To Net: NetName=NetC5_1 Pin=U1-3
Added Pin To Net: NetName=GND Pin=U1-4
Added Pin To Net: NetName=NetR6_2 Pin=U1-5
Added Pin To Net: NetName=VCC Pin=U1-6
Added Pin To Net: NetName=NetR1_2 Pin=U1-7
Added Pin To Net: NetName=NetR1_2 Pin=U1-8
Added Pin To Net: NetName=GND Pin=U2-1
Added Pin To Net: NetName=+5V Pin=U2-2
Added Pin To Net: NetName=NetC4_1 Pin=U2-3
Added Pin To Net: NetName=GND Pin=U3-1
Added Pin To Net: NetName=3v3 Pin=U3-2
Added Pin To Net: NetName=3v3 Pin=U3-2
Added Pin To Net: NetName=NetC4_1 Pin=U3-3
Added Pin To Net: NetName=NetC1_2 Pin=U4-1
Added Pin To Net: NetName=NetR9_1 Pin=U4-2
Added Pin To Net: NetName=NetR8_1 Pin=U4-3
Added Pin To Net: NetName=NetR10_2 Pin=U4-5
Added Pin To Net: NetName=NetC13_2 Pin=U4-6
Added Pin To Net: NetName=NetA1_11 Pin=U4-7
Added Pin To Net: NetName=NetA1_10 Pin=U4-8
Added Pin To Net: NetName=3v3 Pin=U4-9
Added Pin To Net: NetName=NetA1_16 Pin=U4-10
Added Pin To Net: NetName=NetA1_12 Pin=U4-11
Added Pin To Net: NetName=NetA1_30 Pin=U4-12
Added Pin To Net: NetName=NetA1_37 Pin=U4-13
Added Pin To Net: NetName=NetA1_25 Pin=U4-14
Added Pin To Net: NetName=NetC29_2 Pin=U4-15
Added Pin To Net: NetName=NetA1_33 Pin=U4-16
Added Pin To Net: NetName=NetA1_31 Pin=U4-17
Added Pin To Net: NetName=NetA1_36 Pin=U4-18
Added Pin To Net: NetName=NetC1_2 Pin=U4-19
Added Pin To Net: NetName=NetJ1_2 Pin=U4-20
Added Pin To Net: NetName=NetJ1_1 Pin=U4-21
Added Pin To Net: NetName=NetJ1_6 Pin=U4-22
Added Pin To Net: NetName=NetJ1_3 Pin=U4-23
Added Pin To Net: NetName=NetR11_1 Pin=U4-24
Added Pin To Net: NetName=GND Pin=U4-25
Added Pin To Net: NetName=NetA1_27 Pin=Z1-1
Added Pin To Net: NetName=GND Pin=Z1-2
Added Pin To Net: NetName=NetR10_1 Pin=Z1-3
Added Pin To Net: NetName=3v3 Pin=Z1-4
Added Class: Name=Ethernet_bridge(TOP)
